// Jest Snapshot v1, https://goo.gl/fbAQLP

exports[`ComplexList appendTo should perform expected work 1`] = `
Object {
  "newName.1.abc": "123",
}
`;

exports[`ComplexList should initialize with expected values 1`] = `
ComplexListType {
  "members": Array [],
  "pre": "newName",
}
`;
